2748 : he
1546 : in
1512 : of
1208 : at
1146 : on
1106 : no
1100 : up
1084 : so
1012 : her
978 : it
962 : his
956 : am
924 : to
750 : as.
666 : do
644 : you
602 : for
596 : but
586 : is
584 : him
544 : yet
538 : sympathize
532 : one
502 : as
494 : and
494 : oh
486 : mrs
486 : they
482 : mr
480 : distrusts
480 : offered
476 : old
436 : my
430 : at.
430 : man
430 : may
430 : on.
424 : active
420 : are
392 : be
390 : she
386 : or
384 : to.
378 : On
378 : She
378 : he.
378 : saw
378 : way
372 : Are
372 : Had
372 : away
372 : besides
372 : exercise
372 : expenses
372 : gay
368 : far
352 : an
346 : ye
332 : believe
332 : off
328 : end
326 : It
326 : confined
326 : depending
326 : do.
326 : likewise
326 : newspaper
326 : she.
326 : sitting
326 : upon
322 : had
320 : An
320 : Considered
320 : Feelings
320 : acceptance
320 : bachelor
320 : discretion
320 : followed
320 : has
320 : has.
320 : household
320 : hundred
320 : incommode.
320 : jokes
320 : kindness
320 : laughing
320 : new
320 : not.
320 : reached
320 : showing
320 : ten
320 : weddings
316 : her.
316 : not
270 : age
270 : everything
270 : travelling
264 : equally
264 : led
264 : preference
264 : six
224 : ask
224 : get
224 : if
218 : He
218 : Of
218 : addition
218 : assured
218 : contrasted
218 : day
218 : removed
218 : sensible
218 : set
218 : use
218 : wandered
212 : Assistance
212 : Day
212 : Preference
212 : Timed
212 : Whatever
212 : abilities
212 : address
212 : although
212 : assistance
212 : assurance
212 : attempt
212 : bed
212 : boy
212 : breakfast
212 : but.
212 : chapter
212 : cheerful
212 : dull
212 : effects
212 : excited
212 : formed
212 : fulfilled
212 : handsome
212 : hold
212 : how
212 : joy.
212 : judgment
212 : mirth
212 : musical.
212 : no.
212 : noisy
212 : occasional
212 : perhaps
212 : propriety
212 : put
212 : remarkably
212 : rich
212 : sense
212 : share
212 : six.
212 : son
212 : temper
212 : themselves
212 : therefore
212 : two
212 : voice
212 : windows
184 : of.
178 : by
174 : in.
172 : So
172 : To
172 : Up
172 : advantages
172 : did
172 : shy
166 : Is
166 : The
166 : Why
166 : Ye
166 : advanced
166 : agreeable
166 : all
166 : bred
166 : child
166 : concealed.
166 : course
166 : decisively
166 : dejection
166 : dinner
166 : dissimilar
166 : draw
166 : eagerness
166 : ever
166 : expression
166 : give
166 : himself
166 : if.
166 : inquietude
166 : its
166 : learn
166 : luckily
166 : made
166 : missed
166 : neither
166 : out.
166 : outweigh.
166 : pasture
166 : peculiar
166 : relation
166 : screened
166 : seven
166 : smallest
166 : suffering
166 : suffering.
166 : sufficient
166 : suppose
166 : worse
162 : Do
162 : In
162 : sir
162 : we
162 : ye.
160 : Am
160 : Bed
160 : Blush
160 : Brother
160 : By
160 : Called
160 : Collecting
160 : Comfort
160 : Contented
160 : Deal
160 : Death
160 : Demesne
160 : Dependent
160 : Domestic
160 : Ecstatic
160 : Excellence
160 : Extended
160 : Ferrars
160 : Fertile
160 : From
160 : Horrible
160 : How
160 : Immediate
160 : Improving
160 : Its
160 : Last
160 : Led
160 : Left
160 : Letter
160 : Man
160 : Marry
160 : Means
160 : Moonlight
160 : Northward
160 : Now
160 : Old
160 : Open
160 : Procuring
160 : Pursuit
160 : Residence
160 : Returned
160 : Smiling
160 : Spoil
160 : There
160 : They
160 : Tore
160 : Vicinity
160 : Wholly
160 : Wisdom
160 : Wished
160 : Yet
160 : abroad
160 : add.
160 : affronting
160 : agreement
160 : among
160 : amongst
160 : ample
160 : an.
160 : answer.
160 : any
160 : appetite
160 : applauded
160 : arose
160 : attention.
160 : avoid
160 : because
160 : become
160 : believed
160 : belonging
160 : better.
160 : branch
160 : building
160 : busy
160 : by.
160 : call
160 : can.
160 : carriage
160 : chamber
160 : civilly
160 : cold
160 : collected.
160 : consulted
160 : contempt
160 : cottage.
160 : delight
160 : delivered
160 : denote
160 : depending.
160 : described
160 : desirous
160 : detract
160 : differed
160 : discourse
160 : disposal
160 : drawings
160 : education
160 : elinor
160 : enable
160 : enjoyment
160 : entire
160 : entirely
160 : equal
160 : exertion
160 : express
160 : extended.
160 : extent
160 : extremely
160 : favourite.
160 : females
160 : ferrars
160 : figure
160 : fine
160 : finished.
160 : for.
160 : forming.
160 : future
160 : gay.
160 : going
160 : guest
160 : happy
160 : hardly
160 : hearted
160 : here
160 : high.
160 : home
160 : hopes
160 : humoured
160 : ignorant
160 : imagine
160 : immediate
160 : impression
160 : indulged.
160 : insipidity
160 : instantly
160 : into
160 : introduced
160 : invitation
160 : invitation.
160 : john
160 : jointure
160 : journey
160 : kept
160 : large
160 : latter
160 : learning.
160 : like.
160 : living
160 : lovers.
160 : material
160 : mention
160 : middletons
160 : mile
160 : mile.
160 : mistaken.
160 : mother
160 : mrs.
160 : musical
160 : nay
160 : nearer
160 : neither.
160 : new.
160 : none
160 : offence
160 : otherwise
160 : outlived
160 : past.
160 : perceived
160 : played
160 : pleasant
160 : prepare
160 : present.
160 : proceed
160 : projecting
160 : provided
160 : questions.
160 : rapturous
160 : reasonably.
160 : recommend.
160 : remarkably.
160 : remember
160 : remember.
160 : repeated
160 : replied
160 : replied.
160 : resolution.
160 : resolved.
160 : resolving
160 : roof
160 : rooms
160 : roused
160 : say.
160 : see
160 : seen.
160 : sentiments
160 : shew
160 : sigh
160 : since
160 : sociable
160 : sons
160 : spirits
160 : spoke
160 : striking
160 : subjects.
160 : such
160 : supposing
160 : surprise
160 : sweetness
160 : talked
160 : tall
160 : tended
160 : think
160 : thoroughly
160 : though
160 : thought
160 : thoughts
160 : till
160 : timed
160 : too.
160 : towards
160 : travelling.
160 : trifling
160 : unable
160 : uncommonly
160 : unpleasing
160 : unreserved.
160 : unwilling
160 : valley
160 : venture
160 : very
160 : visit
160 : walk
160 : was
160 : welcomed
160 : when.
160 : while
160 : who
160 : who.
160 : whom
160 : why.
160 : widen
160 : wife
160 : wishes
160 : within
160 : wondered
160 : world
160 : young.
160 : ï»¿no
156 : allowance
116 : fat
116 : me
116 : unreserved
110 : Her
110 : neglected
110 : seen
110 : strictly
110 : yet.
104 : Greatly
104 : No
104 : Or
104 : celebrated.
104 : covered
104 : curiosity
104 : departure
104 : disposing
104 : drawing
104 : each
104 : exposed
104 : feeling
104 : fifteen
104 : indeed
104 : knew.
104 : many
104 : men
104 : now
104 : open
104 : painted
104 : particular
104 : remove
104 : village
104 : wooded
64 : connection
64 : furnished
64 : horrible
64 : long
64 : out
64 : returned
64 : the
58 : Astonished
58 : House
58 : Put
58 : Same
58 : Was
58 : appearance
58 : collecting
58 : continuing
58 : dear
58 : delightful
58 : demesne
58 : enjoyed
58 : explain
58 : given.
58 : had.
58 : have
58 : high
58 : highest
58 : improve
58 : joy
58 : letters
58 : little
58 : manor
58 : met
58 : mistake
58 : moreover
58 : mr.
58 : need
58 : nor
58 : procuring
58 : projection
58 : received
58 : replying
58 : sister
58 : solicitude
58 : spot
58 : stimulated
58 : taken
58 : tiled
58 : too
58 : true
58 : we.
52 : Afraid
52 : Age
52 : Amounted
52 : Ample
52 : And
52 : Apartments
52 : Behind
52 : Believe
52 : Believing
52 : Breakfast
52 : Bringing
52 : Carried
52 : Common
52 : Continual
52 : Contrasted
52 : Delay
52 : Estate
52 : Estimable
52 : Evening
52 : Exquisite
52 : Far
52 : Feet
52 : Five
52 : General
52 : Husbands
52 : Ignorant
52 : Ladyship
52 : Me
52 : Partiality
52 : People
52 : Placing
52 : Polite
52 : Preserved
52 : Seems
52 : Set
52 : Simplicity
52 : Songs
52 : Surprise
52 : Taken
52 : Thirty
52 : Through
52 : Waited
52 : Wanted
52 : Warmth
52 : Way
52 : We
52 : Went
52 : Wishing
52 : account
52 : acuteness
52 : add
52 : admitted.
52 : allow
52 : anxious.
52 : any.
52 : article
52 : astonished
52 : begin
52 : believing
52 : between.
52 : blessing
52 : blind
52 : boisterous
52 : bred.
52 : built
52 : called
52 : called.
52 : cannot
52 : cease
52 : certainty
52 : compact.
52 : conduct.
52 : contempt.
52 : cordially
52 : could
52 : course.
52 : court
52 : curiosity.
52 : daughter
52 : day.
52 : debating
52 : deny
52 : depart
52 : design
52 : dining
52 : domestic.
52 : drawn
52 : easily
52 : either
52 : elderly
52 : end.
52 : enquire
52 : especially
52 : estate
52 : evident
52 : evil
52 : evil.
52 : excellent
52 : except
52 : excuse
52 : existence
52 : family
52 : far.
52 : followed.
52 : former
52 : forming
52 : friends
52 : front
52 : garden
52 : garrets.
52 : gate
52 : gentleman
52 : girl
52 : giving
52 : goodness
52 : half
52 : head
52 : herself
52 : hoped
52 : however
52 : husbands
52 : improve.
52 : imprudence
52 : increasing
52 : indulgence.
52 : introduced.
52 : is.
52 : itself
52 : justice
52 : knew
52 : ladies
52 : led.
52 : literature.
52 : lively
52 : lose
52 : manner
52 : marianne
52 : married
52 : matters
52 : meant
52 : merry
52 : met.
52 : might
52 : minutes
52 : miss
52 : moonlight
52 : more
52 : mother.
52 : myself
52 : neat.
52 : needed
52 : noisier
52 : nothing
52 : object
52 : often
52 : oppose.
52 : order
52 : ought
52 : over
52 : overcame
52 : part
52 : pianoforte
52 : plenty
52 : power
52 : praise
52 : prepare.
52 : present
52 : principles
52 : procured
52 : prosperous
52 : provision
52 : pursuit
52 : put.
52 : rapid
52 : raptures.
52 : read
52 : ready.
52 : reasonably
52 : regard
52 : remain
52 : removal.
52 : removing
52 : rest
52 : round
52 : saw.
52 : say
52 : scarcely
52 : securing
52 : separate
52 : shed
52 : show
52 : silent
52 : snug
52 : sooner
52 : speedily
52 : spirit
52 : still.
52 : suffer
52 : suffer.
52 : summer
52 : summer.
52 : supported
52 : suspicion
52 : table
52 : taken.
52 : talking
52 : taste
52 : tears
52 : those
52 : though.
52 : tolerably
52 : tore
52 : total
52 : towards.
52 : trees
52 : uneasy.
52 : unwilling.
52 : vicinity
52 : waiting.
52 : warrant
52 : west
52 : which.
52 : whole
52 : why
52 : window
52 : wish.
52 : with
52 : wondered.
52 : young
18 : colonel
18 : law
18 : so.
12 : alteration
12 : answered
12 : esteem.
12 : esteems
12 : his.
12 : insensible
12 : it.
12 : juvenile.
12 : months
12 : opinions
12 : packages
12 : possession
12 : room
12 : stuff
12 : that
12 : three
12 : walls
6 : Able
6 : Admiration
6 : Allow
6 : Alone
6 : Alteration
6 : Always
6 : At
6 : Between
6 : Bore
6 : Branched
6 : Chapter
6 : Charmed
6 : Cheerful
6 : Collected
6 : Decisively
6 : Defective
6 : Delighted
6 : End
6 : Estimating
6 : Fancy
6 : Fanny
6 : Frequently
6 : Honoured
6 : Joy
6 : Lasted
6 : Looked
6 : Luckily
6 : Mirth
6 : My
6 : Near
6 : Oh
6 : Points
6 : Present
6 : Real
6 : Relation
6 : Repeated
6 : Replied
6 : Request
6 : Rooms
6 : Secure
6 : Securing
6 : Sex
6 : Side
6 : Sister
6 : Snug
6 : Tell
6 : Their
6 : Tried
6 : Uncommonly
6 : Village
6 : When
6 : absolute
6 : adieus
6 : admiration.
6 : afraid
6 : after
6 : announcing
6 : answer
6 : are.
6 : arranging
6 : asked.
6 : astonished.
6 : attacks
6 : aware
6 : believe.
6 : calling
6 : calm
6 : change
6 : charmed
6 : chatty
6 : cheered
6 : child.
6 : children
6 : come
6 : commanded
6 : common.
6 : compliment.
6 : concluded
6 : consisted
6 : continue
6 : country
6 : court.
6 : cousin
6 : cultivated
6 : deal.
6 : declared
6 : delicate.
6 : demands
6 : denote.
6 : denoting
6 : desire
6 : directly
6 : discovery
6 : dispatched
6 : disposed
6 : dissuade
6 : down
6 : drew
6 : earnestly
6 : ecstatic
6 : enabled.
6 : even
6 : excellence
6 : explained.
6 : extremity
6 : families
6 : favour
6 : feelings
6 : feet
6 : felicity
6 : felicity.
6 : females.
6 : few
6 : fond
6 : four
6 : frequently.
6 : fully
6 : garret
6 : ham
6 : hard
6 : help
6 : help.
6 : impossible
6 : indulgence
6 : informed
6 : instrument
6 : interested.
6 : judgment.
6 : knowledge
6 : ladyship
6 : landlord
6 : lasted.
6 : late
6 : laughter
6 : leave
6 : length
6 : limited.
6 : make
6 : margaret.
6 : marked
6 : mean.
6 : melancholy
6 : merit
6 : middleton
6 : miles
6 : morning
6 : most
6 : much
6 : nature
6 : near
6 : neat
6 : nor.
6 : norland
6 : offended
6 : oppose
6 : others
6 : own
6 : paid.
6 : pain
6 : parties
6 : person
6 : place
6 : quitting
6 : raising
6 : raptures
6 : reasonable
6 : recommend
6 : rent
6 : repair
6 : resources
6 : respect.
6 : result
6 : sake
6 : screened.
6 : sent
6 : should
6 : shy.
6 : simple
6 : size
6 : small
6 : small.
6 : smile
6 : some.
6 : spoil
6 : sportsman.
6 : stanhill.
6 : stood
6 : studied
6 : style
6 : subject
6 : sure
6 : talking.
6 : throwing
6 : time
6 : tried
6 : truth
6 : truth.
6 : turned
6 : twenty
6 : unaffected
6 : unaffected.
6 : uncivil
6 : unfeeling
6 : unpacked
6 : unsatiable
6 : use.
6 : viewing
6 : vulgar
6 : want
6 : what
6 : whatever
6 : wound
6 : years
